[versions]
agp = "8.6.0-dev"
junit = "4.13.2"
junitVersion = "1.1.5"
espressoCore = "3.5.1"
appcompat = "1.6.1"
material = "1.10.0"
legacySupportV4 = "1.0.0"
lifecycleLivedataKtx = "2.6.1"
lifecycleViewmodelKtx = "2.6.1"

[libraries]
junit = { group = "junit", name = "junit", version.ref = "junit" }
ext-junit = { group = "androidx.test.ext", name = "junit", version.ref = "junitVersion" }
espresso-core = { group = "androidx.test.espresso", name = "espresso-core", version.ref = "espressoCore" }
appcompat = { group = "androidx.appcompat", name = "appcompat", version.ref = "appcompat" }
material = { group = "com.google.android.material", name = "material", version.ref = "material" }
legacy-support-v4 = { group = "androidx.legacy", name = "legacy-support-v4", version.ref = "legacySupportV4" }
lifecycle-livedata-ktx = { group = "androidx.lifecycle", name = "lifecycle-livedata-ktx", version.ref = "lifecycleLivedataKtx" }
lifecycle-viewmodel-ktx = { group = "androidx.lifecycle", name = "lifecycle-viewmodel-ktx", version.ref = "lifecycleViewmodelKtx" }

[plugins]
android-application = { id = "com.android.application", version.ref = "agp" }

