<resources>
    <string name="app_name">Template Test App Title</string>
</resources>