[versions]
agp = "8.6.0-dev"
junit = "4.13.2"
junitVersion = "1.1.5"
espressoCore = "3.5.1"
appcompat = "1.6.1"
material = "1.10.0"
googleAndroidLibrariesMapsplatformSecretsGradlePlugin = "2.0.1"
playServicesMaps = "18.1.0"
constraintlayout = "2.1.4"

[libraries]
junit = { group = "junit", name = "junit", version.ref = "junit" }
ext-junit = { group = "androidx.test.ext", name = "junit", version.ref = "junitVersion" }
espresso-core = { group = "androidx.test.espresso", name = "espresso-core", version.ref = "espressoCore" }
appcompat = { group = "androidx.appcompat", name = "appcompat", version.ref = "appcompat" }
material = { group = "com.google.android.material", name = "material", version.ref = "material" }
play-services-maps = { group = "com.google.android.gms", name = "play-services-maps", version.ref = "playServicesMaps" }
constraintlayout = { group = "androidx.constraintlayout", name = "constraintlayout", version.ref = "constraintlayout" }

[plugins]
android-application = { id = "com.android.application", version.ref = "agp" }
google-android-libraries-mapsplatform-secrets-gradle-plugin = { id = "com.google.android.libraries.mapsplatform.secrets-gradle-plugin", version.ref = "googleAndroidLibrariesMapsplatformSecretsGradlePlugin" }

