[versions]
agp = "8.7.0-dev"
junit = "4.13.2"
junitVersion = "1.1.5"
espressoCore = "3.5.1"
appcompat = "1.6.1"
legacySupportV4 = "1.0.0"
legacySupportV13 = "1.0.0"

[libraries]
junit = { group = "junit", name = "junit", version.ref = "junit" }
ext-junit = { group = "androidx.test.ext", name = "junit", version.ref = "junitVersion" }
espresso-core = { group = "androidx.test.espresso", name = "espresso-core", version.ref = "espressoCore" }
appcompat = { group = "androidx.appcompat", name = "appcompat", version.ref = "appcompat" }
legacy-support-v4 = { group = "androidx.legacy", name = "legacy-support-v4", version.ref = "legacySupportV4" }
legacy-support-v13 = { group = "androidx.legacy", name = "legacy-support-v13", version.ref = "legacySupportV13" }

[plugins]
android-application = { id = "com.android.application", version.ref = "agp" }

