[versions]
agp = "8.6.0-dev"
junit = "4.13.2"
junitVersion = "1.1.5"
espressoCore = "3.5.1"
appcompat = "1.6.1"
media = "1.6.0"

[libraries]
junit = { group = "junit", name = "junit", version.ref = "junit" }
ext-junit = { group = "androidx.test.ext", name = "junit", version.ref = "junitVersion" }
espresso-core = { group = "androidx.test.espresso", name = "espresso-core", version.ref = "espressoCore" }
appcompat = { group = "androidx.appcompat", name = "appcompat", version.ref = "appcompat" }
media = { group = "androidx.media", name = "media", version.ref = "media" }

[plugins]
android-application = { id = "com.android.application", version.ref = "agp" }

