[versions]
agp = "8.7.0-dev"
kotlin = "1.9.24"
coreKtx = "1.10.1"
junit = "4.13.2"
junitVersion = "1.1.5"
espressoCore = "3.5.1"
appcompat = "1.6.1"
legacySupportV4 = "1.0.0"
legacySupportV13 = "1.0.0"

[libraries]
androidx-core-ktx = { group = "androidx.core", name = "core-ktx", version.ref = "coreKtx" }
junit = { group = "junit", name = "junit", version.ref = "junit" }
androidx-junit = { group = "androidx.test.ext", name = "junit", version.ref = "junitVersion" }
androidx-espresso-core = { group = "androidx.test.espresso", name = "espresso-core", version.ref = "espressoCore" }
androidx-appcompat = { group = "androidx.appcompat", name = "appcompat", version.ref = "appcompat" }
androidx-legacy-support-v4 = { group = "androidx.legacy", name = "legacy-support-v4", version.ref = "legacySupportV4" }
androidx-legacy-support-v13 = { group = "androidx.legacy", name = "legacy-support-v13", version.ref = "legacySupportV13" }

[plugins]
android-application = { id = "com.android.application", version.ref = "agp" }
kotlin-android = { id = "org.jetbrains.kotlin.android", version.ref = "kotlin" }

