<?xml version="1.0" encoding="utf-8"?><!-- Adding the same root's ID for view binding as other layout configurations -->
<androidx.constraintlayout.widget.ConstraintLayout xmlns:android="http://schemas.android.com/apk/res/android"
    xmlns:app="http://schemas.android.com/apk/res-auto"
    xmlns:tools="http://schemas.android.com/tools"
    android:id="@+id/item_list_container"
    android:layout_width="match_parent"
    android:layout_height="match_parent"
    android:layout_marginStart="@dimen/container_horizontal_margin"
    android:layout_marginEnd="@dimen/container_horizontal_margin">

    <androidx.recyclerview.widget.RecyclerView
        android:id="@+id/item_list"
        android:name="template.test.in.ItemListFragment"
        android:layout_width="match_parent"
        android:layout_height="match_parent"
        android:layout_marginLeft="16dp"
        android:layout_marginRight="16dp"
        app:layoutManager="LinearLayoutManager"
        tools:context="template.test.in.ItemDetailHostActivity"
        tools:listitem="@layout/item_list_content" />
</androidx.constraintlayout.widget.ConstraintLayout>