<PreferenceScreen xmlns:app="http://schemas.android.com/apk/res-auto">

    <Preference
        app:fragment="template.test.pkg.SettingsActivity$MessagesFragment"
        app:icon="@drawable/messages"
        app:key="messages_header"
        app:title="@string/messages_header" />

    <Preference
        app:fragment="template.test.pkg.SettingsActivity$SyncFragment"
        app:icon="@drawable/sync"
        app:key="sync_header"
        app:title="@string/sync_header" />

</PreferenceScreen>