<vector xmlns:android="http://schemas.android.com/apk/res/android"
    android:width="24dp"
    android:height="24dp"
    android:viewportWidth="960"
    android:viewportHeight="960">
    <path
        android:fillColor="#e8eaed"
        android:pathData="M440,520v240h-80v-160L200,600v-80h240ZM600,200v160h160v80L520,440v-240h80Z" />
</vector>
