<resources>
    <string name="app_name">app_name</string>
    <string name="resource_id">resource_id</string>
    <string name="hello">hello %1$s + %2$s %3$d %4$c</string>
</resources>
