<resources>
    <string name="app_name">Template Test App Title</string>
    <string name="hello_android_xr">Hello Android XR.</string>
    <string name="switch_to_home_space_mode">Switch to Home Space Mode</string>
    <string name="switch_to_full_space_mode">Switch to Full Space Mode</string>
</resources>