<?xml version="1.0" encoding="utf-8"?>
<resources>
    <string name="ID_CAMPING_STYLE">Estilo de camping</string>
    <string name="ID_HANDS">Manecillas</string>
    <string name="ID_INDEX">√çndices</string>
</resources>