<?xml version="1.0" encoding="utf-8"?>
<manifest xmlns:android="http://schemas.android.com/apk/res/android">

    <uses-feature
        android:name="android.hardware.type.automotive"
        android:required="true" />

    <application
        android:allowBackup="true"
        android:appCategory="audio"
        android:icon="@mipmap/ic_launcher"
        android:label="@string/app_name"
        android:roundIcon="@mipmap/ic_launcher_round"
        android:supportsRtl="true"
        android:theme="@style/Theme.App">
        <meta-data
            android:name="com.google.android.gms.car.application"
            android:resource="@xml/automotive_app_desc" />

        <service
            android:name=".MyMessagingService"
            android:exported="true" />

        <receiver
            android:name=".MessageReadReceiver"
            android:exported="true">
            <intent-filter>
                <action android:name="template.test.in.ACTION_MESSAGE_READ" />
            </intent-filter>
        </receiver>
        <receiver
            android:name=".MessageReplyReceiver"
            android:exported="true">
            <intent-filter>
                <action android:name="template.test.in.ACTION_MESSAGE_REPLY" />
            </intent-filter>
        </receiver>
    </application>

</manifest>