[versions]
agp = "8.6.0-dev"
kotlin = "1.9.0"
coreKtx = "1.10.1"
appcompat = "1.6.1"
composeBom = "2024.04.01"
tvFoundation = "1.0.0-alpha07"
tvMaterial = "1.0.0-alpha07"
lifecycleRuntimeKtx = "2.6.1"
activityCompose = "1.8.0"

[libraries]
androidx-core-ktx = { group = "androidx.core", name = "core-ktx", version.ref = "coreKtx" }
androidx-appcompat = { group = "androidx.appcompat", name = "appcompat", version.ref = "appcompat" }
androidx-compose-bom = { group = "androidx.compose", name = "compose-bom", version.ref = "composeBom" }
androidx-ui-tooling-preview = { group = "androidx.compose.ui", name = "ui-tooling-preview" }
androidx-ui-tooling = { group = "androidx.compose.ui", name = "ui-tooling" }
androidx-ui-test-manifest = { group = "androidx.compose.ui", name = "ui-test-manifest" }
androidx-ui-test-junit4 = { group = "androidx.compose.ui", name = "ui-test-junit4" }
androidx-tv-foundation = { group = "androidx.tv", name = "tv-foundation", version.ref = "tvFoundation" }
androidx-tv-material = { group = "androidx.tv", name = "tv-material", version.ref = "tvMaterial" }
androidx-lifecycle-runtime-ktx = { group = "androidx.lifecycle", name = "lifecycle-runtime-ktx", version.ref = "lifecycleRuntimeKtx" }
androidx-activity-compose = { group = "androidx.activity", name = "activity-compose", version.ref = "activityCompose" }

[plugins]
android-application = { id = "com.android.application", version.ref = "agp" }
kotlin-android = { id = "org.jetbrains.kotlin.android", version.ref = "kotlin" }

