[versions]
agp = "8.7.0-dev"
kotlin = "1.9.24"
coreKtx = "1.10.1"
junit = "4.13.2"
junitVersion = "1.1.5"
espressoCore = "3.5.1"
appcompat = "1.6.1"
material = "1.10.0"
playServicesWallet = "19.1.0"
lifecycleViewmodelKtx = "2.6.1"
lifecycleLivedataKtx = "2.6.1"
activityKtx = "1.8.0"

[libraries]
androidx-core-ktx = { group = "androidx.core", name = "core-ktx", version.ref = "coreKtx" }
junit = { group = "junit", name = "junit", version.ref = "junit" }
androidx-junit = { group = "androidx.test.ext", name = "junit", version.ref = "junitVersion" }
androidx-espresso-core = { group = "androidx.test.espresso", name = "espresso-core", version.ref = "espressoCore" }
androidx-appcompat = { group = "androidx.appcompat", name = "appcompat", version.ref = "appcompat" }
material = { group = "com.google.android.material", name = "material", version.ref = "material" }
play-services-wallet = { group = "com.google.android.gms", name = "play-services-wallet", version.ref = "playServicesWallet" }
androidx-lifecycle-viewmodel-ktx = { group = "androidx.lifecycle", name = "lifecycle-viewmodel-ktx", version.ref = "lifecycleViewmodelKtx" }
androidx-lifecycle-livedata-ktx = { group = "androidx.lifecycle", name = "lifecycle-livedata-ktx", version.ref = "lifecycleLivedataKtx" }
androidx-activity-ktx = { group = "androidx.activity", name = "activity-ktx", version.ref = "activityKtx" }

[plugins]
android-application = { id = "com.android.application", version.ref = "agp" }
kotlin-android = { id = "org.jetbrains.kotlin.android", version.ref = "kotlin" }

