<?xml version="1.0" encoding="utf-8"?>
<manifest xmlns:android="http://schemas.android.com/apk/res/android"
    xmlns:tools="http://schemas.android.com/tools">

    <!-- Include required permissions for Google Mobile Ads to run. -->
    <uses-permission android:name="android.permission.INTERNET" />
    <uses-permission android:name="android.permission.ACCESS_NETWORK_STATE" />

    <application
        android:allowBackup="true"
        android:dataExtractionRules="@xml/data_extraction_rules"
        android:fullBackupContent="@xml/backup_rules"
        android:icon="@mipmap/ic_launcher"
        android:label="@string/app_name"
        android:roundIcon="@mipmap/ic_launcher_round"
        android:supportsRtl="true"
        android:theme="@style/Theme.App">

        <!--
            Adding this meta data is required as of Google Mobile Ads SDK version 17.0.0 as explained in
            https://developers.google.com/ad-manager/mobile-ads-sdk/android/quick-start#update_your_androidmanifestxml
        -->
        <meta-data
            android:name="com.google.android.gms.ads.AD_MANAGER_APP"
            android:value="true" />

        <!--
        This is the sample AdMob App ID. Insert your own AdMob App ID in quotes
        https://googlemobileadssdk.page.link/admob-android-update-manifest
        -->
        <meta-data
            android:name="com.google.android.gms.ads.APPLICATION_ID"
            android:value="ca-app-pub-3940256099942544~3347511713" />
    </application>

</manifest>