<?xml version="1.0" encoding="utf-8"?>

<WatchFaces>
  <WatchFace shape="CIRCLE" width="450" height="450" file="@raw/watchface"/>
</WatchFaces>