[versions]
agp = "8.7.0-dev"
leanback = "1.0.0"
glide = "4.11.0"

[libraries]
androidx-leanback = { group = "androidx.leanback", name = "leanback", version.ref = "leanback" }
glide = { group = "com.github.bumptech.glide", name = "glide", version.ref = "glide" }

[plugins]
android-application = { id = "com.android.application", version.ref = "agp" }

