[versions]
agp = "8.7.0-dev"
kotlin = "2.0.0"
playServicesWearable = "18.0.0"
composeBom = "2024.04.01"
composeMaterial = "1.2.1"
composeFoundation = "1.2.1"
wearToolingPreview = "1.0.0"
activityCompose = "1.8.0"
coreSplashscreen = "1.0.1"
tiles = "1.4.0"
tilesMaterial = "1.4.0"
tilesTooling = "1.4.0"
tilesToolingPreview = "1.4.0"
horologistComposeTools = "0.6.17"
horologistTiles = "0.6.17"
watchfaceComplicationsDataSourceKtx = "1.2.1"

[libraries]
play-services-wearable = { group = "com.google.android.gms", name = "play-services-wearable", version.ref = "playServicesWearable" }
compose-bom = { group = "androidx.compose", name = "compose-bom", version.ref = "composeBom" }
ui = { group = "androidx.compose.ui", name = "ui" }
ui-graphics = { group = "androidx.compose.ui", name = "ui-graphics" }
ui-tooling = { group = "androidx.compose.ui", name = "ui-tooling" }
ui-tooling-preview = { group = "androidx.compose.ui", name = "ui-tooling-preview" }
ui-test-manifest = { group = "androidx.compose.ui", name = "ui-test-manifest" }
ui-test-junit4 = { group = "androidx.compose.ui", name = "ui-test-junit4" }
compose-material = { group = "androidx.wear.compose", name = "compose-material", version.ref = "composeMaterial" }
compose-foundation = { group = "androidx.wear.compose", name = "compose-foundation", version.ref = "composeFoundation" }
wear-tooling-preview = { group = "androidx.wear", name = "wear-tooling-preview", version.ref = "wearToolingPreview" }
activity-compose = { group = "androidx.activity", name = "activity-compose", version.ref = "activityCompose" }
core-splashscreen = { group = "androidx.core", name = "core-splashscreen", version.ref = "coreSplashscreen" }
tiles = { group = "androidx.wear.tiles", name = "tiles", version.ref = "tiles" }
tiles-material = { group = "androidx.wear.tiles", name = "tiles-material", version.ref = "tilesMaterial" }
tiles-tooling = { group = "androidx.wear.tiles", name = "tiles-tooling", version.ref = "tilesTooling" }
tiles-tooling-preview = { group = "androidx.wear.tiles", name = "tiles-tooling-preview", version.ref = "tilesToolingPreview" }
horologist-compose-tools = { group = "com.google.android.horologist", name = "horologist-compose-tools", version.ref = "horologistComposeTools" }
horologist-tiles = { group = "com.google.android.horologist", name = "horologist-tiles", version.ref = "horologistTiles" }
watchface-complications-data-source-ktx = { group = "androidx.wear.watchface", name = "watchface-complications-data-source-ktx", version.ref = "watchfaceComplicationsDataSourceKtx" }

[plugins]
android-application = { id = "com.android.application", version.ref = "agp" }
kotlin-android = { id = "org.jetbrains.kotlin.android", version.ref = "kotlin" }
kotlin-compose = { id = "org.jetbrains.kotlin.plugin.compose", version.ref = "kotlin" }

