<WatchFace width="450" height="450" clipShape="CIRCLE"><Metadata key="CLOCK_TYPE" value="ANALOG"/><UserConfigurations><ColorConfiguration id="themeColor" defaultValue="0" displayName="color_selector_display_name" screenReaderText="color_selector_display_name"><ColorOption id="0" colors="#ff231651 #fff35858 #ffeeeaea" displayName="ith_option_display_name" screenReaderText="ith_option_display_name"/><ColorOption id="1" colors="#cc595656 #ff2374ab #cc88c0ee" displayName="ith_option_display_name" screenReaderText="ith_option_display_name"/><ColorOption id="2" colors="#ff383838 #ffa3c24d #ff65afff" displayName="ith_option_display_name" screenReaderText="ith_option_display_name"/><ColorOption id="3" colors="#ff383838 #ff3b3b99 #ffc0b7fc" displayName="ith_option_display_name" screenReaderText="ith_option_display_name"/><ColorOption id="4" colors="#ff090943 #ff9dc9a0 #ff37a151" displayName="ith_option_display_name" screenReaderText="ith_option_display_name"/><ColorOption id="5" colors="#ff383838 #ffa3c24d #fff4a261" displayName="ith_option_display_name" screenReaderText="ith_option_display_name"/><ColorOption id="6" colors="#ff383838 #ff057d89 #fff5c095" displayName="ith_option_display_name" screenReaderText="ith_option_display_name"/></ColorConfiguration><ListConfiguration id="fa2248ac_2ad4_46e9_9461_7c1bb1df0001" displayName="ID_CAMPING_STYLE" screenReaderText="ID_CAMPING_STYLE" defaultValue="0" icon="style_wfs_fa2248ac_2ad4_46e9_9461_7c1bb1df0001_0"><ListOption id="0" displayName="ID_CAMPING_CAR" screenReaderText="ID_CAMPING_CAR" icon="style_wfs_fa2248ac_2ad4_46e9_9461_7c1bb1df0001_0"/><ListOption id="1" displayName="ID_CAMPING_CHAIR" screenReaderText="ID_CAMPING_CHAIR" icon="style_wfs_fa2248ac_2ad4_46e9_9461_7c1bb1df0001_1"/><ListOption id="2" displayName="ID_CAMPIING_TENT" screenReaderText="ID_CAMPIING_TENT" icon="style_wfs_fa2248ac_2ad4_46e9_9461_7c1bb1df0001_2"/></ListConfiguration><ListConfiguration id="846d8cbf_6bf8_4843_a618_9aeb84eaa0b9" displayName="ID_HANDS" screenReaderText="ID_HANDS" defaultValue="0" icon="style_wfs_846d8cbf_6bf8_4843_a618_9aeb84eaa0b9_0"><ListOption id="0" displayName="ID_HANDS_BASIC" screenReaderText="ID_HANDS_BASIC" icon="style_wfs_846d8cbf_6bf8_4843_a618_9aeb84eaa0b9_0"/><ListOption id="1" displayName="ID_HANDS_SIMPLE" screenReaderText="ID_HANDS_SIMPLE" icon="style_wfs_846d8cbf_6bf8_4843_a618_9aeb84eaa0b9_1"/><ListOption id="2" displayName="ID_HANDS_STYLISH" screenReaderText="ID_HANDS_STYLISH" icon="style_wfs_846d8cbf_6bf8_4843_a618_9aeb84eaa0b9_2"/></ListConfiguration><ListConfiguration id="1a8cd8eb_e9c1_4378_b384_f0269a1e423d" displayName="ID_INDEX" screenReaderText="ID_INDEX" defaultValue="0" icon="style_wfs_1a8cd8eb_e9c1_4378_b384_f0269a1e423d_0"><ListOption id="0" displayName="ID_INDEX_MINUTE" screenReaderText="ID_INDEX_MINUTE" icon="style_wfs_1a8cd8eb_e9c1_4378_b384_f0269a1e423d_0"/><ListOption id="1" displayName="ID_INDEX_CIRCULAR" screenReaderText="ID_INDEX_CIRCULAR" icon="style_wfs_1a8cd8eb_e9c1_4378_b384_f0269a1e423d_1"/><ListOption id="2" displayName="ID_INDEX_LINEAR" screenReaderText="ID_INDEX_LINEAR" icon="style_wfs_1a8cd8eb_e9c1_4378_b384_f0269a1e423d_2"/><ListOption id="3" displayName="ID_INDEX_TRIANGULAR" screenReaderText="ID_INDEX_TRIANGULAR" icon="style_wfs_1a8cd8eb_e9c1_4378_b384_f0269a1e423d_3"/><ListOption id="4" displayName="ID_INDEX_HOUR" screenReaderText="ID_INDEX_HOUR" icon="style_wfs_1a8cd8eb_e9c1_4378_b384_f0269a1e423d_4"/></ListConfiguration></UserConfigurations><Scene backgroundColor="#ff000000"><Condition><Expressions><Expression name="conditionalLine_ab81"><![CDATA[([HOUR_0_23] >= 6 && [HOUR_0_23] < 18)]]></Expression></Expressions><Compare expression="conditionalLine_ab81"><Group x="0" y="0" width="450" height="450" name="BG_day_5890" alpha="255"><PartImage x="0" y="0" width="450" height="450" name="sky_day_c635" alpha="255"><Image resource="wfs_bg_sky_day_ff5659f0_3397_4f24_908e_31bda492b2e41747844241278_trimmed"/></PartImage><PartImage x="0" y="196" width="450" height="254" name="mountain_day_4846" pivotY="0.1141732" alpha="255"><Image resource="wfs_bg_mountain_day_05e53992_a891_4f9f_a975_3cc946a25e481747844241307_trimmed"/></PartImage><PartImage x="0" y="226" width="450" height="224" name="ground_day_1555" pivotY="-0.0044643" alpha="255"><Image resource="wfs_bg_ground_day_8f58b51c_481a_4f17_9672_3741bdb7c72b1747844241332_trimmed"/></PartImage><PartImage x="180" y="68" width="89" height="89" name="sun_7427" pivotX="0.505618" pivotY="1.7640449" alpha="255"><Variant mode="AMBIENT" target="alpha" value="0"/><Image resource="wfs_object_sun_52d295cf_5c6c_4404_9116_66285f98bd311747844241355_trimmed"/></PartImage><PartImage x="110" y="213" width="40" height="66" name="balloon_4401" pivotX="2.875" pivotY="0.1818182" alpha="255"><Variant mode="AMBIENT" target="alpha" value="0"/><Image resource="wfs_object_balloon_f6ad78c3_c19b_445e_b4a2_2df3b152b3b11747844241377_trimmed"/></PartImage></Group></Compare></Condition><Condition><Expressions><Expression name="conditionalLine_36b0"><![CDATA[([HOUR_0_23] >= 0 && [HOUR_0_23] < 6) || ([HOUR_0_23] >= 18 && [HOUR_0_23] < 24)]]></Expression></Expressions><Compare expression="conditionalLine_36b0"><Group x="0" y="0" width="450" height="455" name="BG_night_d6a8" alpha="255"><Group x="0" y="0" width="450" height="455" name="optimizedGroup_416a" alpha="255"><PartImage x="0" y="0" width="450" height="450" name="sky_night_1d78" alpha="255"><Image resource="wfs_bg_sky_night_f811084b_4a23_4a95_8577_9c5c1eae09701747844241410_trimmed"/></PartImage><PartImage x="0" y="196" width="450" height="254" name="mountain_night_0c18" pivotY="0.1141732" alpha="255"><Image resource="wfs_bg_mountain_night_de227c10_cb65_4b64_bcbe_454fd980abb01747844241448_trimmed"/></PartImage><PartImage x="0" y="225" width="450" height="225" name="ground_night_e727" pivotY="0" alpha="255"><Image resource="wfs_bg_ground_night_31eefd17_a1df_46fe_b6ce_c188efe15b981747844241473_trimmed"/></PartImage><PartImage x="183" y="73" width="80" height="80" name="moon_1e5b" pivotX="0.525" pivotY="1.9" alpha="255"><Variant mode="AMBIENT" target="alpha" value="0"/><Image resource="wfs_object_moon_94c5eef3_22ea_43f8_acf4_34e56389b61e1747844241498_trimmed"/></PartImage></Group><Condition><Expressions><Expression name="conditionalLine_d261"><![CDATA[([WEATHER.CONDITION] >= 2 && [WEATHER.CONDITION] <= 12) || ([WEATHER.CONDITION] == 14)]]></Expression></Expressions><Compare expression="conditionalLine_d261"><PartImage x="98" y="243" width="110" height="55" name="birds_c49d" pivotX="1.1545455" pivotY="-0.2363636" alpha="255"><Variant mode="AMBIENT" target="alpha" value="0"/><Image resource="wfs_object_birds_4b552314_bf26_4b6f_82b5_aa5dcfba8fb41747844241522_trimmed"/></PartImage></Compare></Condition></Group></Compare></Condition><Condition><Expressions><Expression name="conditionalLine_bab8"><![CDATA[([HOUR_0_23] >= 6 && [HOUR_0_23] < 18)]]></Expression></Expressions><Compare expression="conditionalLine_bab8"><Group x="0" y="0" width="450" height="450" name="camping_day_1de8" alpha="255"><ListConfiguration id="fa2248ac_2ad4_46e9_9461_7c1bb1df0001"><ListOption id="1"><PartImage x="235" y="253" width="156" height="159" name="camping_day_1de8" pivotX="-0.0641026" pivotY="-0.1761006"><Image resource="wfs_object_chair_day_465ad364_94ae_4441_a325_381c0d57e1891747844241563_trimmed"/></PartImage></ListOption><ListOption id="2"><PartImage x="197" y="267" width="208" height="150" name="camping_day_1de8" pivotX="0.1346154" pivotY="-0.28"><Image resource="wfs_object_tent_day_9658e948_4d4c_4a2a_979c_2cb90bd1ac291747844241562_trimmed"/></PartImage></ListOption><ListOption id="0"><PartImage x="175" y="260" width="225" height="167" name="camping_day_1de8" pivotX="0.2222222" pivotY="-0.2095808"><Image resource="wfs_object_caravan_day_cec16877_e4a0_4d27_8a9e_c75b8659ba361747844241564_trimmed"/></PartImage></ListOption></ListConfiguration></Group></Compare></Condition><Condition><Expressions><Expression name="conditionalLine_09a0"><![CDATA[([HOUR_0_23] >= 0 && [HOUR_0_23] < 6) || ([HOUR_0_23] >= 18 && [HOUR_0_23] < 24)]]></Expression></Expressions><Compare expression="conditionalLine_09a0"><Group x="0" y="0" width="450" height="450" name="camping_night_6330" alpha="255"><ListConfiguration id="fa2248ac_2ad4_46e9_9461_7c1bb1df0001"><ListOption id="1"><PartImage x="224" y="254" width="166" height="159" name="camping_night_6330" pivotX="0.0060241" pivotY="-0.1823899"><Image resource="wfs_object_chair_night_734c42d0_2ff2_4f8c_983c_4771dea033451747844241621_trimmed"/></PartImage></ListOption><ListOption id="2"><PartImage x="194" y="226" width="212" height="193" name="camping_night_6330" pivotX="0.1462264" pivotY="-0.0051813"><Image resource="wfs_object_tent_night_c03a37b1_9219_444e_923f_4b565ecc0b5a1747844241622_trimmed"/></PartImage></ListOption><ListOption id="0"><PartImage x="175" y="254" width="231" height="175" name="camping_night_6330" pivotX="0.2164502" pivotY="-0.1657143"><Image resource="wfs_object_caravan_night_f7ab6e3a_9001_4caa_929c_8e9ea36502ae1747844241623_trimmed"/></PartImage></ListOption></ListConfiguration></Group></Compare></Condition><Group x="0" y="0" width="450" height="450" name="optimizedGroup_d66d" alpha="255"><PartDraw x="-4" y="-4" width="458" height="458" name="black_80_1804" alpha="0"><Variant mode="AMBIENT" target="alpha" value="255"/><Ellipse x="0" y="0" width="458" height="458"><Fill color="#d4000000"/></Ellipse></PartDraw><Group x="0" y="0" width="450" height="450" name="Index_always_on_614e" alpha="0"><Variant mode="AMBIENT" target="alpha" value="255"/><ListConfiguration id="1a8cd8eb_e9c1_4378_b384_f0269a1e423d"><ListOption id="1"><PartImage x="17" y="17" width="416" height="416" name="Index_always_on_614e" pivotX="0.5" pivotY="0.5"><Image resource="wfs_adjustmentcolor_1747844241789_b4e6b4b2_7b95_4ac1_af6f_6ab2d456c23d"/></PartImage></ListOption><ListOption id="2"><PartImage x="15" y="15" width="420" height="420" name="Index_always_on_614e" pivotX="0.5" pivotY="0.5"><Image resource="wfs_adjustmentcolor_1747844241768_312fbbb1_ba48_4b45_8047_bc54bff690ce"/></PartImage></ListOption><ListOption id="0"><PartImage x="11" y="11" width="428" height="428" name="Index_always_on_614e" pivotX="0.5" pivotY="0.5"><Image resource="wfs_adjustmentcolor_1747844241859_fd37ffcc_fb0b_40a8_9fbb_928fcdfc7011"/></PartImage></ListOption><ListOption id="4"><PartImage x="7" y="7" width="436" height="436" name="Index_always_on_614e" pivotX="0.5" pivotY="0.5"><Image resource="wfs_adjustmentcolor_1747844241860_e1db4df3_6103_4683_8135_ab327a37a971"/></PartImage></ListOption><ListOption id="3"><PartImage x="10" y="10" width="430" height="430" name="Index_always_on_614e" pivotX="0.5" pivotY="0.5"><Image resource="wfs_adjustmentcolor_1747844241860_d3315341_07e6_48a6_99fe_5addbb9ada79"/></PartImage></ListOption></ListConfiguration></Group><Group x="0" y="0" width="450" height="450" name="Index_normal_ee80" alpha="255"><Variant mode="AMBIENT" target="alpha" value="0"/><ListConfiguration id="1a8cd8eb_e9c1_4378_b384_f0269a1e423d"><ListOption id="3"><PartImage x="10" y="10" width="430" height="430" name="Index_normal_ee80" pivotX="0.5" pivotY="0.5"><Image resource="wfs_index_1747844241883_5809ffe5_9417_4b11_b1bb_badfae55b2741747844241925_trimmed"/></PartImage></ListOption><ListOption id="4"><PartImage x="7" y="7" width="436" height="436" name="Index_normal_ee80" pivotX="0.5" pivotY="0.5"><Image resource="wfs_index_1747844241886_82e72d60_0115_4965_84da_1acad86311e41747844241927_trimmed"/></PartImage></ListOption><ListOption id="1"><PartImage x="17" y="17" width="416" height="416" name="Index_normal_ee80" pivotX="0.5" pivotY="0.5"><Image resource="wfs_index_1747844241879_1e5de889_1780_4c4a_9e19_a87ce29277e61747844241927_trimmed"/></PartImage></ListOption><ListOption id="2"><PartImage x="15" y="15" width="420" height="420" name="Index_normal_ee80" pivotX="0.5" pivotY="0.5"><Image resource="wfs_index_1747844241882_bffdf3a3_4978_4521_9551_1fe652fe9b681747844241963_trimmed"/></PartImage></ListOption><ListOption id="0"><PartImage x="11" y="11" width="428" height="428" name="Index_normal_ee80" pivotX="0.5" pivotY="0.5"><Image resource="wfs_index_1747844241877_381198bd_26b1_451f_8e9b_390033bc0ac61747844241928_trimmed"/></PartImage></ListOption></ListConfiguration></Group></Group><Condition><Expressions><Expression name="conditionalLine_a20e"><![CDATA[([HOUR_0_23] >= 6 && [HOUR_0_23] < 18)]]></Expression></Expressions><Compare expression="conditionalLine_a20e"><PartText angle="19.5" pivotY="0" x="13" y="206" width="343" height="135" name="Date_day_d677" alpha="255"><Localization calendar="GREGORIAN"/><TextCircular align="CENTER" ellipsis="FALSE" width="303.8824241736387" height="231.72537071675896" startAngle="270" endAngle="90" centerX="171" centerY="0" direction="COUNTER_CLOCKWISE"><Font family="SYNC_TO_DEVICE" size="33" weight="NORMAL" slant="NORMAL" color="#ff2197d9"><Template>%s, %s %s<Parameter expression="[DAY_OF_WEEK_S]"/><Parameter expression="[MONTH_S]"/><Parameter expression="[DAY_Z]"/></Template></Font></TextCircular></PartText></Compare></Condition><Condition><Expressions><Expression name="conditionalLine_0c57"><![CDATA[([HOUR_0_23] >= 0 && [HOUR_0_23] < 6) || ([HOUR_0_23] >= 18 && [HOUR_0_23] < 24)]]></Expression></Expressions><Compare expression="conditionalLine_0c57"><PartText angle="19.5" pivotY="0" x="13" y="206" width="343" height="135" name="Date_night_71aa" alpha="255"><Localization calendar="GREGORIAN"/><TextCircular align="CENTER" ellipsis="FALSE" width="303.8824241736387" height="231.72537071675896" startAngle="270" endAngle="90" centerX="171" centerY="0" direction="COUNTER_CLOCKWISE"><Font family="SYNC_TO_DEVICE" size="33" weight="NORMAL" slant="NORMAL" color="#ffffffff"><Template>%s, %s %s<Parameter expression="[DAY_OF_WEEK_S]"/><Parameter expression="[MONTH_S]"/><Parameter expression="[DAY_Z]"/></Template></Font></TextCircular></PartText></Compare></Condition><PartDraw x="280" y="180" width="100" height="100" name="Ellipse2_b9f9" alpha="255"><Ellipse x="0" y="0" width="100" height="100"><Fill color="#66000000"/></Ellipse></PartDraw><ComplicationSlot slotId="0" displayName="Circle Complication" isCustomizable="TRUE" supportedTypes="RANGED_VALUE SHORT_TEXT SMALL_IMAGE MONOCHROMATIC_IMAGE" alpha="204" x="280" y="180" width="100" height="100" name="CircleComplication_0"><DefaultProviderPolicy defaultSystemProvider="WATCH_BATTERY" defaultSystemProviderType="RANGED_VALUE"/><BoundingOval x="0" y="0" width="100" height="100"/><Complication type="RANGED_VALUE"><Condition><Expressions><Expression name="rangeIconTextTitle"><![CDATA[[COMPLICATION.MONOCHROMATIC_IMAGE] != null && [COMPLICATION.TEXT] != null && [COMPLICATION.TITLE] != null]]></Expression><Expression name="rangeIconText"><![CDATA[[COMPLICATION.MONOCHROMATIC_IMAGE] != null && ([COMPLICATION.TEXT] != null || [COMPLICATION.TITLE] != null)]]></Expression><Expression name="rangeIcon"><![CDATA[[COMPLICATION.MONOCHROMATIC_IMAGE] != null]]></Expression><Expression name="rangeTextTitle"><![CDATA[[COMPLICATION.TEXT] != null && [COMPLICATION.TITLE] != null]]></Expression><Expression name="rangeText"><![CDATA[([COMPLICATION.TEXT] != null || [COMPLICATION.TITLE] != null)]]></Expression></Expressions><Compare expression="rangeIconTextTitle"><PartDraw x="3" y="3" width="93" height="93" name="ProgressBar_cf05" alpha="255"><Arc direction="CLOCKWISE" startAngle="0" endAngle="359.999" centerX="46.7391" centerY="46.7391" width="85.4783" height="85.4783"><Stroke color="#1affffff" cap="ROUND" thickness="8"/></Arc><Arc direction="CLOCKWISE" startAngle="0" endAngle="270" centerX="46.7391" centerY="46.7391" width="85.4783" height="85.4783"><Transform target="endAngle" value="0 + (((clamp(([COMPLICATION.RANGED_VALUE_VALUE]), ([COMPLICATION.RANGED_VALUE_MIN]), ([COMPLICATION.RANGED_VALUE_MAX])) - ([COMPLICATION.RANGED_VALUE_MIN])) / (([COMPLICATION.RANGED_VALUE_MAX]) - ([COMPLICATION.RANGED_VALUE_MIN]))) * (360))"/><Stroke color="#ffffffff" cap="ROUND" thickness="8"/></Arc></PartDraw><PartImage x="38" y="17" width="24" height="24" name="Icon_90f9" alpha="255"><Image resource="[COMPLICATION.MONOCHROMATIC_IMAGE]"/></PartImage><PartText x="20" y="42" width="61" height="24" name="Text_892a" alpha="255"><Text align="CENTER" ellipsis="TRUE"><Font family="SYNC_TO_DEVICE" size="20" weight="NORMAL" slant="NORMAL" color="#ffffffff"><Template>%s<Parameter expression="[COMPLICATION.TEXT] != null ? [COMPLICATION.TEXT] : [COMPLICATION.TITLE]"/></Template></Font></Text></PartText><PartText x="21" y="67" width="59" height="15" name="Title_cf39" alpha="255"><Text align="CENTER" ellipsis="TRUE"><Font family="SYNC_TO_DEVICE" size="12" weight="NORMAL" slant="NORMAL" color="#ffadadad"><Template>%s<Parameter expression="[COMPLICATION.TITLE]"/></Template></Font></Text></PartText></Compare><Compare expression="rangeIconText"><PartDraw x="3" y="3" width="93" height="93" name="ProgressBar_ee3c" alpha="255"><Arc direction="CLOCKWISE" startAngle="0" endAngle="359.999" centerX="46.7391" centerY="46.7391" width="85.4783" height="85.4783"><Stroke color="#1affffff" cap="ROUND" thickness="8"/></Arc><Arc direction="CLOCKWISE" startAngle="0" endAngle="270" centerX="46.7391" centerY="46.7391" width="85.4783" height="85.4783"><Transform target="endAngle" value="0 + (((clamp(([COMPLICATION.RANGED_VALUE_VALUE]), ([COMPLICATION.RANGED_VALUE_MIN]), ([COMPLICATION.RANGED_VALUE_MAX])) - ([COMPLICATION.RANGED_VALUE_MIN])) / (([COMPLICATION.RANGED_VALUE_MAX]) - ([COMPLICATION.RANGED_VALUE_MIN]))) * (360))"/><Stroke color="#ffffffff" cap="ROUND" thickness="8"/></Arc></PartDraw><PartImage x="38" y="24" width="24" height="24" name="Icon_6fdf" alpha="255"><Image resource="[COMPLICATION.MONOCHROMATIC_IMAGE]"/></PartImage><PartText x="17" y="43" width="65" height="30" name="Text_8f53" alpha="255"><Text align="CENTER" ellipsis="TRUE"><Font family="SYNC_TO_DEVICE" size="20" weight="NORMAL" slant="NORMAL" color="#ffffffff"><Template>%s<Parameter expression="[COMPLICATION.TEXT] != null ? [COMPLICATION.TEXT] : [COMPLICATION.TITLE]"/></Template></Font></Text></PartText></Compare><Compare expression="rangeIcon"><PartDraw x="3" y="3" width="93" height="93" name="ProgressBar_cac1" alpha="255"><Arc direction="CLOCKWISE" startAngle="0" endAngle="359.999" centerX="46.7391" centerY="46.7391" width="85.4783" height="85.4783"><Stroke color="#1affffff" cap="ROUND" thickness="8"/></Arc><Arc direction="CLOCKWISE" startAngle="0" endAngle="270" centerX="46.7391" centerY="46.7391" width="85.4783" height="85.4783"><Transform target="endAngle" value="0 + (((clamp(([COMPLICATION.RANGED_VALUE_VALUE]), ([COMPLICATION.RANGED_VALUE_MIN]), ([COMPLICATION.RANGED_VALUE_MAX])) - ([COMPLICATION.RANGED_VALUE_MIN])) / (([COMPLICATION.RANGED_VALUE_MAX]) - ([COMPLICATION.RANGED_VALUE_MIN]))) * (360))"/><Stroke color="#ffffffff" cap="ROUND" thickness="8"/></Arc></PartDraw><PartImage x="26" y="28" width="43" height="43" name="Icon_b739" alpha="255"><Image resource="[COMPLICATION.MONOCHROMATIC_IMAGE]"/></PartImage></Compare><Compare expression="rangeTextTitle"><PartDraw x="3" y="3" width="93" height="93" name="ProgressBar_9203" alpha="255"><Arc direction="CLOCKWISE" startAngle="0" endAngle="359.999" centerX="46.7391" centerY="46.7391" width="85.4783" height="85.4783"><Stroke color="#1affffff" cap="ROUND" thickness="8"/></Arc><Arc direction="CLOCKWISE" startAngle="0" endAngle="270" centerX="46.7391" centerY="46.7391" width="85.4783" height="85.4783"><Transform target="endAngle" value="0 + (((clamp(([COMPLICATION.RANGED_VALUE_VALUE]), ([COMPLICATION.RANGED_VALUE_MIN]), ([COMPLICATION.RANGED_VALUE_MAX])) - ([COMPLICATION.RANGED_VALUE_MIN])) / (([COMPLICATION.RANGED_VALUE_MAX]) - ([COMPLICATION.RANGED_VALUE_MIN]))) * (360))"/><Stroke color="#ffffffff" cap="ROUND" thickness="8"/></Arc></PartDraw><PartText x="17" y="29" width="65" height="30" name="Text_1b39" alpha="255"><Text align="CENTER" ellipsis="TRUE"><Font family="SYNC_TO_DEVICE" size="20" weight="NORMAL" slant="NORMAL" color="#ffffffff"><Template>%s<Parameter expression="[COMPLICATION.TEXT] != null ? [COMPLICATION.TEXT] : [COMPLICATION.TITLE]"/></Template></Font></Text></PartText><PartText x="21" y="57" width="59" height="20" name="Title_e66e" alpha="255"><Text align="CENTER" ellipsis="TRUE"><Font family="SYNC_TO_DEVICE" size="12" weight="NORMAL" slant="NORMAL" color="#ffadadad"><Template>%s<Parameter expression="[COMPLICATION.TITLE]"/></Template></Font></Text></PartText></Compare><Compare expression="rangeText"><PartDraw x="3" y="3" width="93" height="93" name="ProgressBar_2f88" alpha="255"><Arc direction="CLOCKWISE" startAngle="0" endAngle="359.999" centerX="46.7391" centerY="46.7391" width="85.4783" height="85.4783"><Stroke color="#1affffff" cap="ROUND" thickness="8"/></Arc><Arc direction="CLOCKWISE" startAngle="0" endAngle="270" centerX="46.7391" centerY="46.7391" width="85.4783" height="85.4783"><Transform target="endAngle" value="0 + (((clamp(([COMPLICATION.RANGED_VALUE_VALUE]), ([COMPLICATION.RANGED_VALUE_MIN]), ([COMPLICATION.RANGED_VALUE_MAX])) - ([COMPLICATION.RANGED_VALUE_MIN])) / (([COMPLICATION.RANGED_VALUE_MAX]) - ([COMPLICATION.RANGED_VALUE_MIN]))) * (360))"/><Stroke color="#ffffffff" cap="ROUND" thickness="8"/></Arc></PartDraw><PartText x="17" y="35" width="65" height="30" name="Text_9aac" alpha="255"><Text align="CENTER" ellipsis="TRUE"><Font family="SYNC_TO_DEVICE" size="20" weight="NORMAL" slant="NORMAL" color="#ffffffff"><Template>%s<Parameter expression="[COMPLICATION.TEXT] != null ? [COMPLICATION.TEXT] : [COMPLICATION.TITLE]"/></Template></Font></Text></PartText></Compare><Default><PartDraw x="3" y="3" width="93" height="93" name="ProgressBar_3fd9" alpha="255"><Arc direction="CLOCKWISE" startAngle="0" endAngle="359.999" centerX="46.7391" centerY="46.7391" width="85.4783" height="85.4783"><Stroke color="#1affffff" cap="ROUND" thickness="8"/></Arc><Arc direction="CLOCKWISE" startAngle="0" endAngle="270" centerX="46.7391" centerY="46.7391" width="85.4783" height="85.4783"><Transform target="endAngle" value="0 + (((clamp(([COMPLICATION.RANGED_VALUE_VALUE]), ([COMPLICATION.RANGED_VALUE_MIN]), ([COMPLICATION.RANGED_VALUE_MAX])) - ([COMPLICATION.RANGED_VALUE_MIN])) / (([COMPLICATION.RANGED_VALUE_MAX]) - ([COMPLICATION.RANGED_VALUE_MIN]))) * (360))"/><Stroke color="#ffffffff" cap="ROUND" thickness="8"/></Arc></PartDraw></Default></Condition></Complication><Complication type="SHORT_TEXT"><Condition><Expressions><Expression name="shortText"><![CDATA[[COMPLICATION.TITLE] == null && [COMPLICATION.MONOCHROMATIC_IMAGE] == null]]></Expression><Expression name="shortTextIcon"><![CDATA[[COMPLICATION.TITLE] == null && [COMPLICATION.MONOCHROMATIC_IMAGE] != null]]></Expression><Expression name="shortTextTitle"><![CDATA[[COMPLICATION.TITLE] != null && [COMPLICATION.MONOCHROMATIC_IMAGE] == null]]></Expression></Expressions><Compare expression="shortText"><PartText x="10" y="35" width="80" height="30" name="Text_06b5" alpha="255"><Text align="CENTER" ellipsis="TRUE"><Font family="SYNC_TO_DEVICE" size="20" weight="NORMAL" slant="NORMAL" color="#ffffffff"><Template>%s<Parameter expression="[COMPLICATION.TEXT] != null ? [COMPLICATION.TEXT] : [COMPLICATION.TITLE]"/></Template></Font></Text></PartText></Compare><Compare expression="shortTextIcon"><PartImage x="38" y="22" width="24" height="24" name="Icon_741f" alpha="255"><Image resource="[COMPLICATION.MONOCHROMATIC_IMAGE]"/></PartImage><PartText x="10" y="48" width="80" height="30" name="Text_dddb" alpha="255"><Text align="CENTER" ellipsis="TRUE"><Font family="SYNC_TO_DEVICE" size="20" weight="NORMAL" slant="NORMAL" color="#ffffffff"><Template>%s<Parameter expression="[COMPLICATION.TEXT] != null ? [COMPLICATION.TEXT] : [COMPLICATION.TITLE]"/></Template></Font></Text></PartText></Compare><Compare expression="shortTextTitle"><PartText x="9" y="28" width="83" height="30" name="Text_541f" alpha="255"><Text align="CENTER" ellipsis="TRUE"><Font family="SYNC_TO_DEVICE" size="20" weight="NORMAL" slant="NORMAL" color="#ffffffff"><Template>%s<Parameter expression="[COMPLICATION.TEXT] != null ? [COMPLICATION.TEXT] : [COMPLICATION.TITLE]"/></Template></Font></Text></PartText><PartText x="9" y="57" width="83" height="20" name="Title_01f5" alpha="255"><Text align="CENTER" ellipsis="TRUE"><Font family="SYNC_TO_DEVICE" size="12" weight="NORMAL" slant="NORMAL" color="#ffadadad"><Template>%s<Parameter expression="[COMPLICATION.TITLE]"/></Template></Font></Text></PartText></Compare><Default><PartImage x="38" y="11" width="24" height="24" name="Icon_cf9e" alpha="255"><Image resource="[COMPLICATION.MONOCHROMATIC_IMAGE]"/></PartImage><PartText x="4" y="37" width="91" height="30" name="Text_2194" alpha="255"><Text align="CENTER" ellipsis="TRUE"><Font family="SYNC_TO_DEVICE" size="20" weight="NORMAL" slant="NORMAL" color="#ffffffff"><Template>%s<Parameter expression="[COMPLICATION.TEXT] != null ? [COMPLICATION.TEXT] : [COMPLICATION.TITLE]"/></Template></Font></Text></PartText><PartText x="21" y="70" width="59" height="20" name="Title_c6bb" alpha="255"><Text align="CENTER" ellipsis="TRUE"><Font family="SYNC_TO_DEVICE" size="12" weight="NORMAL" slant="NORMAL" color="#ffadadad"><Template>%s<Parameter expression="[COMPLICATION.TITLE]"/></Template></Font></Text></PartText></Default></Condition></Complication><Complication type="SMALL_IMAGE"><PartImage x="0" y="0" width="100" height="100" name="Image_e412" alpha="255"><Image resource="[COMPLICATION.SMALL_IMAGE]"/></PartImage></Complication><Complication type="MONOCHROMATIC_IMAGE"><PartImage x="24" y="24" width="52" height="52" name="Icon_d903" alpha="255"><Image resource="[COMPLICATION.MONOCHROMATIC_IMAGE]"/></PartImage></Complication><Complication type="EMPTY"/></ComplicationSlot><Group x="-4" y="-4" width="458" height="458" name="hands_e4e0" alpha="255"><Group x="204" y="4" width="50" height="450" name="AnalogClock1_be5c" alpha="255"><ListConfiguration id="846d8cbf_6bf8_4843_a618_9aeb84eaa0b9"><ListOption id="0"><AnalogClock x="0" y="0" width="50" height="450" alpha="255"><HourHand x="10" y="119" width="30" height="121" tintColor="[CONFIGURATION.themeColor.1]" pivotX="0.5" pivotY="0.8760331" resource="wfs_wfs_hands_hour_01_01_eb50f29a_529d_4bf3_b50f_439a7725d2f8_451d074a_dca7_4d0e_b7a3_8d1426f5ec2d1747844242010_trimmed" alpha="255"/><HourHand x="11" y="121" width="21" height="118" pivotX="0.6666667" pivotY="0.8813559" resource="wfs_wfs_hands_hour_01_02_897b04a1_be2a_46ba_a0c8_2d855d9068b4_bb68e7ef_c328_45c3_b842_dedb00e9d4b61747844242029_trimmed" alpha="255"/><MinuteHand x="5" y="83" width="40" height="162" tintColor="[CONFIGURATION.themeColor.2]" pivotX="0.5" pivotY="0.8765432" resource="wfs_wfs_hands_min_01_01_fc06c74e_b8f8_46ea_9cd0_31a890c09cd1_305c4915_217c_4ce1_a5c7_bc29c1258d871747844242048_trimmed" alpha="255"/><MinuteHand x="6" y="84" width="28" height="160" pivotX="0.6785714" pivotY="0.88125" resource="wfs_wfs_hands_min_01_02_44f5891c_6c00_42e9_a4c6_4c15af08a54b_c6ee80fd_3a3d_4d50_b160_352d069d521d1747844242067_trimmed" alpha="255"/><SecondHand x="19" y="40" width="12" height="191" tintColor="[CONFIGURATION.themeColor.0]" pivotX="0.5" pivotY="0.9685864" resource="wfs_wfs_hands_sec_04_1599b827_4aae_4fc9_bdb2_8e2a58d05816_5d70e3ed_0869_4748_8804_09942916e2c71747844242085_trimmed" alpha="255"><Variant mode="AMBIENT" target="alpha" value="0"/></SecondHand></AnalogClock></ListOption><ListOption id="1"><AnalogClock x="0" y="0" width="50" height="450" alpha="255"><HourHand x="15" y="95" width="20" height="140" tintColor="[CONFIGURATION.themeColor.1]" pivotX="0.5" pivotY="0.9285714" resource="wfs_wfs_hands_hour_03_01_387ec38b_8af2_4a05_9c8c_de4dc4c48f1b_74b7774d_5b9f_445a_9e63_a2479fa5ca011747844242103_trimmed" alpha="255"/><HourHand x="15" y="168" width="20" height="67" pivotX="0.5" pivotY="0.8507463" resource="wfs_wfs_hands_hour_03_02_a5a71282_2e02_40a1_8b0f_8c568733d724_412cbe5f_27a1_4d7f_a523_4205f42f688f1747844242122_trimmed" alpha="255"/><MinuteHand x="18" y="32" width="14" height="200" tintColor="[CONFIGURATION.themeColor.2]" pivotX="0.5" pivotY="0.965" resource="wfs_wfs_hands_min_03_01_f67e00dd_7e14_42b8_97ce_fe81aa4b70cc_0fb95970_97c5_41f6_bf74_98c4fa7e64c41747844242139_trimmed" alpha="255"/><MinuteHand x="18" y="168" width="14" height="64" pivotX="0.5" pivotY="0.890625" resource="wfs_wfs_hands_min_03_02_3fe3e473_9dfd_494f_b5b1_f959c18c6056_68825ee5_d87b_452e_9115_d4c391f8fe641747844242157_trimmed" alpha="255"/><SecondHand x="19" y="33" width="12" height="228" tintColor="[CONFIGURATION.themeColor.0]" pivotX="0.5" pivotY="0.8421053" resource="wfs_wfs_hands_sec_03_99fe1602_97a3_457a_a70d_14bd91ee3fe4_14829c4b_70b1_4cee_8b1b_98553ee19a4d1747844242175_trimmed" alpha="255"><Variant mode="AMBIENT" target="alpha" value="0"/></SecondHand></AnalogClock></ListOption><ListOption id="2"><AnalogClock x="0" y="0" width="50" height="450" alpha="255"><HourHand x="7" y="99" width="36" height="144" tintColor="[CONFIGURATION.themeColor.1]" pivotX="0.5" pivotY="0.875" resource="wfs_wfs_hands_hour_04_01_82ca04f0_ae48_4e2d_9ad8_6cd813fdcdb7_ba493b90_2d59_41d3_ad1d_d7846855eb7c1747844242192_trimmed" alpha="255"/><HourHand x="21" y="107" width="8" height="66" pivotX="0.5" pivotY="1.7878788" resource="wfs_wfs_hands_hour_04_02_ef31c249_2c79_4256_b1b5_9847ea642d25_58611423_82a1_4446_8d48_b4e9a477abfb1747844242210_trimmed" alpha="255"/><MinuteHand x="12" y="40" width="26" height="198" tintColor="[CONFIGURATION.themeColor.2]" pivotX="0.5" pivotY="0.9343434" resource="wfs_wfs_hands_min_04_01_35f7922b_0af1_42ea_9ca5_2655d3b0e453_167f41d9_7429_4ee1_9358_724dda7c6a4f1747844242228_trimmed" alpha="255"/><MinuteHand x="22" y="46" width="6" height="127" pivotX="0.5" pivotY="1.4094488" resource="wfs_wfs_hands_min_04_02_d23d3382_7653_43fb_95c2_57fdc1de361d_896a4b18_0792_4ba8_ada4_22aa778245b11747844242246_trimmed" alpha="255"/><SecondHand x="11" y="32" width="28" height="228" tintColor="[CONFIGURATION.themeColor.0]" pivotX="0.5" pivotY="0.8464912" resource="wfs_wfs_hands_sec_02_9d877d89_d0cf_4a96_b074_875d3fa42748_70af9513_0c2d_47f5_808f_67bb866f26901747844242264_trimmed" alpha="255"><Variant mode="AMBIENT" target="alpha" value="0"/></SecondHand></AnalogClock></ListOption></ListConfiguration></Group><PartDraw x="0" y="0" width="458" height="458" name="dim_f7fb" alpha="0"><Variant mode="AMBIENT" target="alpha" value="255"/><Ellipse x="0" y="0" width="458" height="458"><Fill color="#1a000000"/></Ellipse></PartDraw></Group></Scene></WatchFace>