<?xml version="1.0" encoding="utf-8"?>
<manifest xmlns:android="http://schemas.android.com/apk/res/android"
    package="com.watchfacestudio.camping"
    platformBuildVersionCode="34"
    platformBuildVersionName="14"
    android:compileSdkVersion="34"
    android:compileSdkVersionCodename="14"
    android:versionCode="10000001"
    android:versionName="1.0.0" >

    <uses-sdk
        android:minSdkVersion="34"
        android:targetSdkVersion="34" />

    <uses-feature android:name="android.hardware.type.watch" />

    <application
        android:allowBackup="true"
        android:extractNativeLibs="false"
        android:hasCode="false"
        android:label="@string/app_name" >
        <meta-data
            android:name="com.google.android.wearable.standalone"
            android:value="true" />

        <property
            android:name="com.google.wear.watchface.format.version"
            android:value="2" />
        <property
            android:name="com.google.wear.watchface.format.publisher"
            android:value="WatchFaceStudio-1.8.10" />
    </application>

</manifest>
